Total messages: 5 (Errors: 3, Warnings: 0)
Returning 3 messages for level "error"

[ERROR] Failed to load resource: the server responded with a status of 404 (Not Found) @ http://localhost:3000/themes/triolla/images/menuarowdesk.svg:0
[ERROR] Failed to load resource: the server responded with a status of 404 (Not Found) @ http://localhost:3000/assets/home/almoni-dl-aaa-400.ttf:0
[ERROR] Failed to load resource: the server responded with a status of 404 (Not Found) @ http://localhost:3000/assets/home/almoni-dl-aaa-400.woff:0